<?xml version="1.0" encoding="ISO-8859-1" ?>
<link_info>
   <banner>TI ARM Linker PC v20.2.1.LTS</banner>
   <copyright>Copyright (c) 1996-2018 Texas Instruments Incorporated</copyright>
   <link_time>0x5fa2f3ac</link_time>
   <link_errors>0x0</link_errors>
   <output_file>basic_example_adc_joystick_completed.out</output_file>
   <entry_point>
      <name>_c_int00_noargs</name>
      <address>0x1bcd</address>
   </entry_point>
   <input_file_list>
      <input_file id="fl-2">
         <path>.\</path>
         <kind>object</kind>
         <file>ADC_HAL.obj</file>
         <name>ADC_HAL.obj</name>
      </input_file>
      <input_file id="fl-3">
         <path>.\</path>
         <kind>object</kind>
         <file>basic_example_joystick_complete.obj</file>
         <name>basic_example_joystick_complete.obj</name>
      </input_file>
      <input_file id="fl-4">
         <path>.\</path>
         <kind>object</kind>
         <file>graphics_HAL.obj</file>
         <name>graphics_HAL.obj</name>
      </input_file>
      <input_file id="fl-5">
         <path>.\</path>
         <kind>object</kind>
         <file>system_msp432p401r.obj</file>
         <name>system_msp432p401r.obj</name>
      </input_file>
      <input_file id="fl-6">
         <path>.\LcdDriver\</path>
         <kind>object</kind>
         <file>Crystalfontz128x128_ST7735.obj</file>
         <name>Crystalfontz128x128_ST7735.obj</name>
      </input_file>
      <input_file id="fl-7">
         <path>.\LcdDriver\</path>
         <kind>object</kind>
         <file>HAL_MSP_EXP432P401R_Crystalfontz128x128_ST7735.obj</file>
         <name>HAL_MSP_EXP432P401R_Crystalfontz128x128_ST7735.obj</name>
      </input_file>
      <input_file id="fl-8">
         <path>.\ccs\</path>
         <kind>object</kind>
         <file>startup_msp432p401r_ccs.obj</file>
         <name>startup_msp432p401r_ccs.obj</name>
      </input_file>
      <input_file id="fl-9">
         <path>.\fonts\</path>
         <kind>object</kind>
         <file>fontcmtt16.obj</file>
         <name>fontcmtt16.obj</name>
      </input_file>
      <input_file id="fl-13">
         <kind>object</kind>
         <file>&lt;internal&gt;</file>
         <name>&lt;internal&gt;</name>
      </input_file>
      <input_file id="fl-14">
         <path>C:\ti\simplelink_msp432p4_sdk_3_40_01_02\source\ti\grlib\lib\ccs\m4f\</path>
         <kind>archive</kind>
         <file>grlib.a</file>
         <name>circle.obj</name>
      </input_file>
      <input_file id="fl-15">
         <path>C:\ti\simplelink_msp432p4_sdk_3_40_01_02\source\ti\grlib\lib\ccs\m4f\</path>
         <kind>archive</kind>
         <file>grlib.a</file>
         <name>context.obj</name>
      </input_file>
      <input_file id="fl-16">
         <path>C:\ti\simplelink_msp432p4_sdk_3_40_01_02\source\ti\grlib\lib\ccs\m4f\</path>
         <kind>archive</kind>
         <file>grlib.a</file>
         <name>display.obj</name>
      </input_file>
      <input_file id="fl-17">
         <path>C:\ti\simplelink_msp432p4_sdk_3_40_01_02\source\ti\grlib\lib\ccs\m4f\</path>
         <kind>archive</kind>
         <file>grlib.a</file>
         <name>fontcmtt12.obj</name>
      </input_file>
      <input_file id="fl-18">
         <path>C:\ti\simplelink_msp432p4_sdk_3_40_01_02\source\ti\grlib\lib\ccs\m4f\</path>
         <kind>archive</kind>
         <file>grlib.a</file>
         <name>line.obj</name>
      </input_file>
      <input_file id="fl-19">
         <path>C:\ti\simplelink_msp432p4_sdk_3_40_01_02\source\ti\grlib\lib\ccs\m4f\</path>
         <kind>archive</kind>
         <file>grlib.a</file>
         <name>rectangle.obj</name>
      </input_file>
      <input_file id="fl-1a">
         <path>C:\ti\simplelink_msp432p4_sdk_3_40_01_02\source\ti\grlib\lib\ccs\m4f\</path>
         <kind>archive</kind>
         <file>grlib.a</file>
         <name>string.obj</name>
      </input_file>
      <input_file id="fl-1b">
         <path>C:\ti\simplelink_msp432p4_sdk_3_40_01_02\source\ti\devices\msp432p4xx\driverlib\ccs\</path>
         <kind>archive</kind>
         <file>msp432p4xx_driverlib.lib</file>
         <name>adc14.o</name>
      </input_file>
      <input_file id="fl-1c">
         <path>C:\ti\simplelink_msp432p4_sdk_3_40_01_02\source\ti\devices\msp432p4xx\driverlib\ccs\</path>
         <kind>archive</kind>
         <file>msp432p4xx_driverlib.lib</file>
         <name>gpio.o</name>
      </input_file>
      <input_file id="fl-1d">
         <path>C:\ti\simplelink_msp432p4_sdk_3_40_01_02\source\ti\devices\msp432p4xx\driverlib\ccs\</path>
         <kind>archive</kind>
         <file>msp432p4xx_driverlib.lib</file>
         <name>interrupt.o</name>
      </input_file>
      <input_file id="fl-1e">
         <path>C:\ti\simplelink_msp432p4_sdk_3_40_01_02\source\ti\devices\msp432p4xx\driverlib\ccs\</path>
         <kind>archive</kind>
         <file>msp432p4xx_driverlib.lib</file>
         <name>spi.o</name>
      </input_file>
      <input_file id="fl-1f">
         <path>C:\ti\simplelink_msp432p4_sdk_3_40_01_02\source\ti\devices\msp432p4xx\driverlib\ccs\</path>
         <kind>archive</kind>
         <file>msp432p4xx_driverlib.lib</file>
         <name>timer32.o</name>
      </input_file>
      <input_file id="fl-20">
         <path>C:\ti\simplelink_msp432p4_sdk_3_40_01_02\source\ti\devices\msp432p4xx\driverlib\ccs\</path>
         <kind>archive</kind>
         <file>msp432p4xx_driverlib.lib</file>
         <name>wdt_a.o</name>
      </input_file>
      <input_file id="fl-21">
         <path>C:\ti\simplelink_msp432p4_sdk_3_40_01_02\source\ti\devices\msp432p4xx\driverlib\ccs\</path>
         <kind>archive</kind>
         <file>msp432p4xx_driverlib.lib</file>
         <name>cpu.o</name>
      </input_file>
      <input_file id="fl-22">
         <path>C:\ti\simplelink_msp432p4_sdk_3_40_01_02\source\ti\devices\msp432p4xx\driverlib\ccs\</path>
         <kind>archive</kind>
         <file>msp432p4xx_driverlib.lib</file>
         <name>sysctl_a.o</name>
      </input_file>
      <input_file id="fl-d8">
         <path>C:\ti\ccs1010\ccs\tools\compiler\ti-cgt-arm_20.2.1.LTS\lib\</path>
         <kind>archive</kind>
         <file>rtsv7M4_T_le_v4SPD16_eabi.lib</file>
         <name>copy_zero_init.c.obj</name>
      </input_file>
      <input_file id="fl-d9">
         <path>C:\ti\ccs1010\ccs\tools\compiler\ti-cgt-arm_20.2.1.LTS\lib\</path>
         <kind>archive</kind>
         <file>rtsv7M4_T_le_v4SPD16_eabi.lib</file>
         <name>copy_decompress_none.c.obj</name>
      </input_file>
      <input_file id="fl-da">
         <path>C:\ti\ccs1010\ccs\tools\compiler\ti-cgt-arm_20.2.1.LTS\lib\</path>
         <kind>archive</kind>
         <file>rtsv7M4_T_le_v4SPD16_eabi.lib</file>
         <name>copy_decompress_lzss.c.obj</name>
      </input_file>
      <input_file id="fl-db">
         <path>C:\ti\ccs1010\ccs\tools\compiler\ti-cgt-arm_20.2.1.LTS\lib\</path>
         <kind>archive</kind>
         <file>rtsv7M4_T_le_v4SPD16_eabi.lib</file>
         <name>boot_cortex_m.c.obj</name>
      </input_file>
      <input_file id="fl-dc">
         <path>C:\ti\ccs1010\ccs\tools\compiler\ti-cgt-arm_20.2.1.LTS\lib\</path>
         <kind>archive</kind>
         <file>rtsv7M4_T_le_v4SPD16_eabi.lib</file>
         <name>memset_t2.asm.obj</name>
      </input_file>
      <input_file id="fl-dd">
         <path>C:\ti\ccs1010\ccs\tools\compiler\ti-cgt-arm_20.2.1.LTS\lib\</path>
         <kind>archive</kind>
         <file>rtsv7M4_T_le_v4SPD16_eabi.lib</file>
         <name>memcpy_t2.asm.obj</name>
      </input_file>
      <input_file id="fl-de">
         <path>C:\ti\ccs1010\ccs\tools\compiler\ti-cgt-arm_20.2.1.LTS\lib\</path>
         <kind>archive</kind>
         <file>rtsv7M4_T_le_v4SPD16_eabi.lib</file>
         <name>autoinit.c.obj</name>
      </input_file>
      <input_file id="fl-df">
         <path>C:\ti\ccs1010\ccs\tools\compiler\ti-cgt-arm_20.2.1.LTS\lib\</path>
         <kind>archive</kind>
         <file>rtsv7M4_T_le_v4SPD16_eabi.lib</file>
         <name>pre_init.c.obj</name>
      </input_file>
      <input_file id="fl-e0">
         <path>C:\ti\ccs1010\ccs\tools\compiler\ti-cgt-arm_20.2.1.LTS\lib\</path>
         <kind>archive</kind>
         <file>rtsv7M4_T_le_v4SPD16_eabi.lib</file>
         <name>cpy_tbl.c.obj</name>
      </input_file>
      <input_file id="fl-e1">
         <path>C:\ti\ccs1010\ccs\tools\compiler\ti-cgt-arm_20.2.1.LTS\lib\</path>
         <kind>archive</kind>
         <file>rtsv7M4_T_le_v4SPD16_eabi.lib</file>
         <name>exit.c.obj</name>
      </input_file>
      <input_file id="fl-e2">
         <path>C:\ti\ccs1010\ccs\tools\compiler\ti-cgt-arm_20.2.1.LTS\lib\</path>
         <kind>archive</kind>
         <file>rtsv7M4_T_le_v4SPD16_eabi.lib</file>
         <name>_lock.c.obj</name>
      </input_file>
      <input_file id="fl-e3">
         <path>C:\ti\ccs1010\ccs\tools\compiler\ti-cgt-arm_20.2.1.LTS\lib\</path>
         <kind>archive</kind>
         <file>rtsv7M4_T_le_v4SPD16_eabi.lib</file>
         <name>args_main.c.obj</name>
      </input_file>
   </input_file_list>
   <object_component_list>
      <object_component id="oc-26">
         <name>.intvecs:retain</name>
         <load_address>0x0</load_address>
         <run_address>0x0</run_address>
         <size>0xe4</size>
         <input_file_ref idref="fl-8"/>
      </object_component>
      <object_component id="oc-198">
         <name>.text:Graphics_drawString</name>
         <load_address>0xe4</load_address>
         <run_address>0xe4</run_address>
         <size>0x47e</size>
         <input_file_ref idref="fl-1a"/>
      </object_component>
      <object_component id="oc-192">
         <name>.text:Graphics_fillCircle</name>
         <load_address>0x562</load_address>
         <run_address>0x562</run_address>
         <size>0x22a</size>
         <input_file_ref idref="fl-14"/>
      </object_component>
      <object_component id="oc-24d">
         <name>.text:Crystalfontz128x128_PixelDrawMultiple</name>
         <load_address>0x78c</load_address>
         <run_address>0x78c</run_address>
         <size>0x1d8</size>
         <input_file_ref idref="fl-6"/>
      </object_component>
      <object_component id="oc-2a6">
         <name>.text:_getIndexForMemRegister</name>
         <load_address>0x964</load_address>
         <run_address>0x964</run_address>
         <size>0x160</size>
         <input_file_ref idref="fl-1b"/>
      </object_component>
      <object_component id="oc-31e">
         <name>.text:Crystalfontz128x128_SetDrawFrame</name>
         <load_address>0xac4</load_address>
         <run_address>0xac4</run_address>
         <size>0x134</size>
         <input_file_ref idref="fl-6"/>
      </object_component>
      <object_component id="oc-231">
         <name>.text:Crystalfontz128x128_Init</name>
         <load_address>0xbf8</load_address>
         <run_address>0xbf8</run_address>
         <size>0x12c</size>
         <input_file_ref idref="fl-6"/>
      </object_component>
      <object_component id="oc-20c">
         <name>.text:ADC14_configureConversionMemory</name>
         <load_address>0xd24</load_address>
         <run_address>0xd24</run_address>
         <size>0xb4</size>
         <input_file_ref idref="fl-1b"/>
      </object_component>
      <object_component id="oc-1ff">
         <name>.text:ADC14_configureMultiSequenceMode</name>
         <load_address>0xdd8</load_address>
         <run_address>0xdd8</run_address>
         <size>0xb4</size>
         <input_file_ref idref="fl-1b"/>
      </object_component>
      <object_component id="oc-e8">
         <name>.text:MoveCircle</name>
         <load_address>0xe8c</load_address>
         <run_address>0xe8c</run_address>
         <size>0xb0</size>
         <input_file_ref idref="fl-4"/>
      </object_component>
      <object_component id="oc-38c">
         <name>.text:SPI_initMaster</name>
         <load_address>0xf3c</load_address>
         <run_address>0xf3c</run_address>
         <size>0xb0</size>
         <input_file_ref idref="fl-1e"/>
      </object_component>
      <object_component id="oc-18c">
         <name>.text:Graphics_drawRectangle</name>
         <load_address>0xfec</load_address>
         <run_address>0xfec</run_address>
         <size>0xa2</size>
         <input_file_ref idref="fl-19"/>
      </object_component>
      <object_component id="oc-25f">
         <name>.text:Crystalfontz128x128_RectFill</name>
         <load_address>0x108e</load_address>
         <run_address>0x108e</run_address>
         <size>0x9c</size>
         <input_file_ref idref="fl-6"/>
      </object_component>
      <object_component id="oc-283">
         <name>.text:Graphics_drawLineH</name>
         <load_address>0x112a</load_address>
         <run_address>0x112a</run_address>
         <size>0x9c</size>
         <input_file_ref idref="fl-18"/>
      </object_component>
      <object_component id="oc-289">
         <name>.text:Graphics_drawLineV</name>
         <load_address>0x11c6</load_address>
         <run_address>0x11c6</run_address>
         <size>0x9c</size>
         <input_file_ref idref="fl-18"/>
      </object_component>
      <object_component id="oc-37">
         <name>.text</name>
         <load_address>0x1262</load_address>
         <run_address>0x1262</run_address>
         <size>0x9c</size>
         <input_file_ref idref="fl-dd"/>
      </object_component>
      <object_component id="oc-6d">
         <name>.text:Default_Handler</name>
         <load_address>0x12fe</load_address>
         <run_address>0x12fe</run_address>
         <size>0x2</size>
         <input_file_ref idref="fl-8"/>
      </object_component>
      <object_component id="oc-212">
         <name>.text:GPIO_setAsPeripheralModuleFunctionInputPin</name>
         <load_address>0x1300</load_address>
         <run_address>0x1300</run_address>
         <size>0x88</size>
         <input_file_ref idref="fl-1c"/>
      </object_component>
      <object_component id="oc-37f">
         <name>.text:GPIO_setAsPeripheralModuleFunctionOutputPin</name>
         <load_address>0x1388</load_address>
         <run_address>0x1388</run_address>
         <size>0x88</size>
         <input_file_ref idref="fl-1c"/>
      </object_component>
      <object_component id="oc-1a6">
         <name>.text:make_5digit_NumString</name>
         <load_address>0x1410</load_address>
         <run_address>0x1410</run_address>
         <size>0x82</size>
         <input_file_ref idref="fl-4"/>
      </object_component>
      <object_component id="oc-e2">
         <name>.text:drawXY</name>
         <load_address>0x1494</load_address>
         <run_address>0x1494</run_address>
         <size>0x7f</size>
         <input_file_ref idref="fl-4"/>
      </object_component>
      <object_component id="oc-ab">
         <name>.text:SystemInit</name>
         <load_address>0x1514</load_address>
         <run_address>0x1514</run_address>
         <size>0x78</size>
         <input_file_ref idref="fl-5"/>
      </object_component>
      <object_component id="oc-d6">
         <name>.text:draw_Base</name>
         <load_address>0x158c</load_address>
         <run_address>0x158c</run_address>
         <size>0x78</size>
         <input_file_ref idref="fl-4"/>
      </object_component>
      <object_component id="oc-144">
         <name>.text:Timer32_initModule</name>
         <load_address>0x1604</load_address>
         <run_address>0x1604</run_address>
         <size>0x68</size>
         <input_file_ref idref="fl-1f"/>
      </object_component>
      <object_component id="oc-17">
         <name>.text:decompress:lzss:__TI_decompress_lzss</name>
         <load_address>0x166c</load_address>
         <run_address>0x166c</run_address>
         <size>0x68</size>
         <input_file_ref idref="fl-da"/>
      </object_component>
      <object_component id="oc-253">
         <name>.text:Crystalfontz128x128_LineDrawH</name>
         <load_address>0x16d4</load_address>
         <run_address>0x16d4</run_address>
         <size>0x60</size>
         <input_file_ref idref="fl-6"/>
      </object_component>
      <object_component id="oc-259">
         <name>.text:Crystalfontz128x128_LineDrawV</name>
         <load_address>0x1734</load_address>
         <run_address>0x1734</run_address>
         <size>0x60</size>
         <input_file_ref idref="fl-6"/>
      </object_component>
      <object_component id="oc-1f9">
         <name>.text:ADC14_initModule</name>
         <load_address>0x1794</load_address>
         <run_address>0x1794</run_address>
         <size>0x54</size>
         <input_file_ref idref="fl-1b"/>
      </object_component>
      <object_component id="oc-237">
         <name>.text:Crystalfontz128x128_SetOrientation</name>
         <load_address>0x17e8</load_address>
         <run_address>0x17e8</run_address>
         <size>0x54</size>
         <input_file_ref idref="fl-6"/>
      </object_component>
      <object_component id="oc-99">
         <name>.text:main</name>
         <load_address>0x183c</load_address>
         <run_address>0x183c</run_address>
         <size>0x54</size>
         <input_file_ref idref="fl-3"/>
      </object_component>
      <object_component id="oc-15d">
         <name>.text:Graphics_initContext</name>
         <load_address>0x1890</load_address>
         <run_address>0x1890</run_address>
         <size>0x52</size>
         <input_file_ref idref="fl-15"/>
      </object_component>
      <object_component id="oc-1ad">
         <name>.text:make_3digit_NumString</name>
         <load_address>0x18e2</load_address>
         <run_address>0x18e2</run_address>
         <size>0x4a</size>
         <input_file_ref idref="fl-4"/>
      </object_component>
      <object_component id="oc-d0">
         <name>.text:InitGraphics</name>
         <load_address>0x192c</load_address>
         <run_address>0x192c</run_address>
         <size>0x44</size>
         <input_file_ref idref="fl-4"/>
      </object_component>
      <object_component id="oc-105">
         <name>.text:__TI_auto_init_nobinit_nopinit:__TI_auto_init_nobinit_nopinit</name>
         <load_address>0x1970</load_address>
         <run_address>0x1970</run_address>
         <size>0x44</size>
         <input_file_ref idref="fl-de"/>
      </object_component>
      <object_component id="oc-247">
         <name>.text:Crystalfontz128x128_PixelDraw</name>
         <load_address>0x19b4</load_address>
         <run_address>0x19b4</run_address>
         <size>0x40</size>
         <input_file_ref idref="fl-6"/>
      </object_component>
      <object_component id="oc-385">
         <name>.text:GPIO_setAsOutputPin</name>
         <load_address>0x19f4</load_address>
         <run_address>0x19f4</run_address>
         <size>0x40</size>
         <input_file_ref idref="fl-1c"/>
      </object_component>
      <object_component id="oc-293">
         <name>.text:Graphics_getNumberOfLeadingZeros</name>
         <load_address>0x1a34</load_address>
         <run_address>0x1a34</run_address>
         <size>0x40</size>
         <input_file_ref idref="fl-1a"/>
      </object_component>
      <object_component id="oc-300">
         <name>.text:HAL_LCD_SpiInit</name>
         <load_address>0x1a74</load_address>
         <run_address>0x1a74</run_address>
         <size>0x40</size>
         <input_file_ref idref="fl-7"/>
      </object_component>
      <object_component id="oc-3b0">
         <name>.text:is_A_Module</name>
         <load_address>0x1ab4</load_address>
         <run_address>0x1ab4</run_address>
         <size>0x40</size>
         <input_file_ref idref="fl-1e"/>
      </object_component>
      <object_component id="oc-312">
         <name>.text:HAL_LCD_writeCommand</name>
         <load_address>0x1af4</load_address>
         <run_address>0x1af4</run_address>
         <size>0x38</size>
         <input_file_ref idref="fl-7"/>
      </object_component>
      <object_component id="oc-344">
         <name>.text:Graphics_drawHorizontalLineOnDisplay</name>
         <load_address>0x1b2c</load_address>
         <run_address>0x1b2c</run_address>
         <size>0x36</size>
         <input_file_ref idref="fl-16"/>
      </object_component>
      <object_component id="oc-34c">
         <name>.text:Graphics_drawVerticalLineOnDisplay</name>
         <load_address>0x1b62</load_address>
         <run_address>0x1b62</run_address>
         <size>0x36</size>
         <input_file_ref idref="fl-16"/>
      </object_component>
      <object_component id="oc-205">
         <name>.text:ADC14_enableSampleTimer</name>
         <load_address>0x1b98</load_address>
         <run_address>0x1b98</run_address>
         <size>0x34</size>
         <input_file_ref idref="fl-1b"/>
      </object_component>
      <object_component id="oc-55">
         <name>.text:_c_int00_noargs:_c_int00_noargs</name>
         <load_address>0x1bcc</load_address>
         <run_address>0x1bcc</run_address>
         <size>0x34</size>
         <input_file_ref idref="fl-db"/>
      </object_component>
      <object_component id="oc-ca">
         <name>.text:initialize</name>
         <load_address>0x1c00</load_address>
         <run_address>0x1c00</run_address>
         <size>0x34</size>
         <input_file_ref idref="fl-3"/>
      </object_component>
      <object_component id="oc-2fa">
         <name>.text:HAL_LCD_PortInit</name>
         <load_address>0x1c34</load_address>
         <run_address>0x1c34</run_address>
         <size>0x30</size>
         <input_file_ref idref="fl-7"/>
      </object_component>
      <object_component id="oc-150">
         <name>.text:initJoyStick</name>
         <load_address>0x1c64</load_address>
         <run_address>0x1c64</run_address>
         <size>0x30</size>
         <input_file_ref idref="fl-2"/>
      </object_component>
      <object_component id="oc-21f">
         <name>.text:ADC14_toggleConversionTrigger</name>
         <load_address>0x1c94</load_address>
         <run_address>0x1c94</run_address>
         <size>0x2c</size>
         <input_file_ref idref="fl-1b"/>
      </object_component>
      <object_component id="oc-271">
         <name>.text:Crystalfontz128x128_ClearScreen</name>
         <load_address>0x1cc0</load_address>
         <run_address>0x1cc0</run_address>
         <size>0x2c</size>
         <input_file_ref idref="fl-6"/>
      </object_component>
      <object_component id="oc-299">
         <name>.text:Graphics_drawPixelOnDisplay</name>
         <load_address>0x1cec</load_address>
         <run_address>0x1cec</run_address>
         <size>0x2c</size>
         <input_file_ref idref="fl-16"/>
      </object_component>
      <object_component id="oc-318">
         <name>.text:HAL_LCD_writeData</name>
         <load_address>0x1d18</load_address>
         <run_address>0x1d18</run_address>
         <size>0x2c</size>
         <input_file_ref idref="fl-7"/>
      </object_component>
      <object_component id="oc-219">
         <name>.text:ADC14_enableConversion</name>
         <load_address>0x1d44</load_address>
         <run_address>0x1d44</run_address>
         <size>0x28</size>
         <input_file_ref idref="fl-1b"/>
      </object_component>
      <object_component id="oc-19f">
         <name>.text:ADC14_getResult</name>
         <load_address>0x1d6c</load_address>
         <run_address>0x1d6c</run_address>
         <size>0x28</size>
         <input_file_ref idref="fl-1b"/>
      </object_component>
      <object_component id="oc-265">
         <name>.text:Crystalfontz128x128_ColorTranslate</name>
         <load_address>0x1d94</load_address>
         <run_address>0x1d94</run_address>
         <size>0x28</size>
         <input_file_ref idref="fl-6"/>
      </object_component>
      <object_component id="oc-30c">
         <name>.text:GPIO_setOutputHighOnPin</name>
         <load_address>0x1dbc</load_address>
         <run_address>0x1dbc</run_address>
         <size>0x28</size>
         <input_file_ref idref="fl-1c"/>
      </object_component>
      <object_component id="oc-306">
         <name>.text:GPIO_setOutputLowOnPin</name>
         <load_address>0x1de4</load_address>
         <run_address>0x1de4</run_address>
         <size>0x28</size>
         <input_file_ref idref="fl-1c"/>
      </object_component>
      <object_component id="oc-13e">
         <name>.text:WDT_A_holdTimer</name>
         <load_address>0x1e0c</load_address>
         <run_address>0x1e0c</run_address>
         <size>0x24</size>
         <input_file_ref idref="fl-20"/>
      </object_component>
      <object_component id="oc-14a">
         <name>.text:initADC</name>
         <load_address>0x1e30</load_address>
         <run_address>0x1e30</run_address>
         <size>0x24</size>
         <input_file_ref idref="fl-2"/>
      </object_component>
      <object_component id="oc-392">
         <name>.text:SPI_enableModule</name>
         <load_address>0x1e54</load_address>
         <run_address>0x1e54</run_address>
         <size>0x1c</size>
         <input_file_ref idref="fl-1e"/>
      </object_component>
      <object_component id="oc-43">
         <name>.text:decompress:ZI:__TI_zero_init_nomemset:__TI_zero_init_nomemset</name>
         <load_address>0x1e70</load_address>
         <run_address>0x1e70</run_address>
         <size>0x1c</size>
         <input_file_ref idref="fl-d8"/>
      </object_component>
      <object_component id="oc-dc">
         <name>.text:getSampleJoyStick</name>
         <load_address>0x1e8c</load_address>
         <run_address>0x1e8c</run_address>
         <size>0x1c</size>
         <input_file_ref idref="fl-2"/>
      </object_component>
      <object_component id="oc-23e">
         <name>.text:Graphics_clearDisplayOnDisplay</name>
         <load_address>0x1ea8</load_address>
         <run_address>0x1ea8</run_address>
         <size>0x1a</size>
         <input_file_ref idref="fl-16"/>
      </object_component>
      <object_component id="oc-169">
         <name>.text:Graphics_setBackgroundColor</name>
         <load_address>0x1ec2</load_address>
         <run_address>0x1ec2</run_address>
         <size>0x1a</size>
         <input_file_ref idref="fl-15"/>
      </object_component>
      <object_component id="oc-16f">
         <name>.text:Graphics_setFont</name>
         <load_address>0x1edc</load_address>
         <run_address>0x1edc</run_address>
         <size>0x1a</size>
         <input_file_ref idref="fl-15"/>
      </object_component>
      <object_component id="oc-3b8">
         <name>.text:EUSCI_A_SPI_enable</name>
         <load_address>0x1ef6</load_address>
         <run_address>0x1ef6</run_address>
         <size>0x16</size>
         <input_file_ref idref="fl-1e"/>
      </object_component>
      <object_component id="oc-3be">
         <name>.text:EUSCI_B_SPI_enable</name>
         <load_address>0x1f0c</load_address>
         <run_address>0x1f0c</run_address>
         <size>0x16</size>
         <input_file_ref idref="fl-1e"/>
      </object_component>
      <object_component id="oc-163">
         <name>.text:Graphics_setForegroundColor</name>
         <load_address>0x1f22</load_address>
         <run_address>0x1f22</run_address>
         <size>0x16</size>
         <input_file_ref idref="fl-15"/>
      </object_component>
      <object_component id="oc-228">
         <name>.text:Graphics_translateColorOnDisplay</name>
         <load_address>0x1f38</load_address>
         <run_address>0x1f38</run_address>
         <size>0x16</size>
         <input_file_ref idref="fl-16"/>
      </object_component>
      <object_component id="oc-17b">
         <name>.text:Graphics_clearDisplay</name>
         <load_address>0x1f4e</load_address>
         <run_address>0x1f4e</run_address>
         <size>0x12</size>
         <input_file_ref idref="fl-15"/>
      </object_component>
      <object_component id="oc-2e0">
         <name>.text:ADCIsConversionRunning</name>
         <load_address>0x1f60</load_address>
         <run_address>0x1f60</run_address>
         <size>0x10</size>
         <input_file_ref idref="fl-1b"/>
      </object_component>
      <object_component id="oc-175">
         <name>.text:InitFonts</name>
         <load_address>0x1f70</load_address>
         <run_address>0x1f70</run_address>
         <size>0xe</size>
         <input_file_ref idref="fl-4"/>
      </object_component>
      <object_component id="oc-1d">
         <name>.text:decompress:none:__TI_decompress_none</name>
         <load_address>0x1f7e</load_address>
         <run_address>0x1f7e</run_address>
         <size>0xe</size>
         <input_file_ref idref="fl-d9"/>
      </object_component>
      <object_component id="oc-1f3">
         <name>.text:ADC14_enableModule</name>
         <load_address>0x1f8c</load_address>
         <run_address>0x1f8c</run_address>
         <size>0xc</size>
         <input_file_ref idref="fl-1b"/>
      </object_component>
      <object_component id="oc-67">
         <name>.text:Reset_Handler</name>
         <load_address>0x1f98</load_address>
         <run_address>0x1f98</run_address>
         <size>0xc</size>
         <input_file_ref idref="fl-8"/>
      </object_component>
      <object_component id="oc-156">
         <name>.text:startADC</name>
         <load_address>0x1fa4</load_address>
         <run_address>0x1fa4</run_address>
         <size>0xc</size>
         <input_file_ref idref="fl-2"/>
      </object_component>
      <object_component id="oc-26b">
         <name>.text:Crystalfontz128x128_Flush</name>
         <load_address>0x1fb0</load_address>
         <run_address>0x1fb0</run_address>
         <size>0xa</size>
         <input_file_ref idref="fl-6"/>
      </object_component>
      <object_component id="oc-93">
         <name>.text:_system_pre_init</name>
         <load_address>0x1fba</load_address>
         <run_address>0x1fba</run_address>
         <size>0x4</size>
         <input_file_ref idref="fl-df"/>
      </object_component>
      <object_component id="oc-f9">
         <name>.text:abort:abort</name>
         <load_address>0x1fbe</load_address>
         <run_address>0x1fbe</run_address>
         <size>0x4</size>
         <input_file_ref idref="fl-e1"/>
      </object_component>
      <object_component id="oc-27b">
         <name>.const:.string:g_pucCmtt12Data</name>
         <load_address>0x1fc4</load_address>
         <run_address>0x1fc4</run_address>
         <size>0x521</size>
         <input_file_ref idref="fl-17"/>
      </object_component>
      <object_component id="oc-187">
         <name>.const:g_sFontCmtt12</name>
         <load_address>0x24e8</load_address>
         <run_address>0x24e8</run_address>
         <size>0xc8</size>
         <input_file_ref idref="fl-17"/>
      </object_component>
      <object_component id="oc-2ac">
         <name>.const:_ctlRegs</name>
         <load_address>0x25b0</load_address>
         <run_address>0x25b0</run_address>
         <size>0x80</size>
         <input_file_ref idref="fl-1b"/>
      </object_component>
      <object_component id="oc-2eb">
         <name>.const:GPIO_PORT_TO_BASE</name>
         <load_address>0x2630</load_address>
         <run_address>0x2630</run_address>
         <size>0x30</size>
         <input_file_ref idref="fl-1c"/>
      </object_component>
      <object_component id="oc-184">
         <name>.const:g_sCrystalfontz128x128_funcs</name>
         <load_address>0x2660</load_address>
         <run_address>0x2660</run_address>
         <size>0x20</size>
         <input_file_ref idref="fl-6"/>
      </object_component>
      <object_component id="oc-398">
         <name>.const:$P$T0$1</name>
         <load_address>0x2680</load_address>
         <run_address>0x2680</run_address>
         <size>0x1c</size>
         <input_file_ref idref="fl-7"/>
      </object_component>
      <object_component id="oc-335">
         <name>.const:$P$T0$1</name>
         <load_address>0x269c</load_address>
         <run_address>0x269c</run_address>
         <size>0x8</size>
         <input_file_ref idref="fl-6"/>
      </object_component>
      <object_component id="oc-405">
         <name>.cinit..data.load</name>
         <load_address>0x26a8</load_address>
         <run_address>0x26a8</run_address>
         <size>0x11</size>
      </object_component>
      <object_component id="oc-403">
         <name>__TI_handler_table</name>
         <load_address>0x26bc</load_address>
         <run_address>0x26bc</run_address>
         <size>0xc</size>
      </object_component>
      <object_component id="oc-406">
         <name>.cinit..bss.load</name>
         <load_address>0x26c8</load_address>
         <run_address>0x26c8</run_address>
         <size>0x8</size>
      </object_component>
      <object_component id="oc-404">
         <name>__TI_cinit_table</name>
         <load_address>0x26d0</load_address>
         <run_address>0x26d0</run_address>
         <size>0x10</size>
      </object_component>
      <object_component id="oc-3d7">
         <name>.binit</name>
         <load_address>0x0</load_address>
         <run_address>0x0</run_address>
         <size>0x0</size>
      </object_component>
      <object_component id="oc-1b3">
         <name>.data</name>
         <load_address>0x20000010</load_address>
         <run_address>0x20000010</run_address>
         <size>0x8</size>
         <input_file_ref idref="fl-4"/>
      </object_component>
      <object_component id="oc-181">
         <name>.data:g_sCrystalfontz128x128</name>
         <load_address>0x20000000</load_address>
         <run_address>0x20000000</run_address>
         <size>0x10</size>
         <input_file_ref idref="fl-6"/>
      </object_component>
      <object_component id="oc-32b">
         <name>.common:Lcd_Orientation</name>
         <uninitialized>true</uninitialized>
         <run_address>0x20000020</run_address>
         <size>0x1</size>
      </object_component>
      <object_component id="oc-324">
         <name>.common:Lcd_ScreenWidth</name>
         <uninitialized>true</uninitialized>
         <run_address>0x2000001a</run_address>
         <size>0x2</size>
      </object_component>
      <object_component id="oc-325">
         <name>.common:Lcd_ScreenHeigth</name>
         <uninitialized>true</uninitialized>
         <run_address>0x20000018</run_address>
         <size>0x2</size>
      </object_component>
      <object_component id="oc-326">
         <name>.common:Lcd_PenSolid</name>
         <uninitialized>true</uninitialized>
         <run_address>0x20000021</run_address>
         <size>0x1</size>
      </object_component>
      <object_component id="oc-327">
         <name>.common:Lcd_FontSolid</name>
         <uninitialized>true</uninitialized>
         <run_address>0x2000001f</run_address>
         <size>0x1</size>
      </object_component>
      <object_component id="oc-328">
         <name>.common:Lcd_FlagRead</name>
         <uninitialized>true</uninitialized>
         <run_address>0x2000001e</run_address>
         <size>0x1</size>
      </object_component>
      <object_component id="oc-329">
         <name>.common:Lcd_TouchTrim</name>
         <uninitialized>true</uninitialized>
         <run_address>0x2000001c</run_address>
         <size>0x2</size>
      </object_component>
      <object_component id="oc-29">
         <name>.stack</name>
         <uninitialized>true</uninitialized>
         <run_address>0x2000fe00</run_address>
         <size>0x4</size>
         <input_file_ref idref="fl-db"/>
      </object_component>
      <object_component id="oc-408">
         <name>.stack</name>
         <uninitialized>true</uninitialized>
         <run_address>0x2000fe00</run_address>
         <size>0x0</size>
      </object_component>
      <object_component id="oc-13d">
         <name>.debug_info</name>
         <load_address>0x0</load_address>
         <run_address>0x0</run_address>
         <size>0x7fe</size>
         <input_file_ref idref="fl-2"/>
      </object_component>
      <object_component id="oc-14b">
         <name>.debug_info</name>
         <load_address>0x7fe</load_address>
         <run_address>0x7fe</run_address>
         <size>0x196</size>
         <input_file_ref idref="fl-2"/>
      </object_component>
      <object_component id="oc-157">
         <name>.debug_info</name>
         <load_address>0x994</load_address>
         <run_address>0x994</run_address>
         <size>0x164</size>
         <input_file_ref idref="fl-2"/>
      </object_component>
      <object_component id="oc-151">
         <name>.debug_info</name>
         <load_address>0xaf8</load_address>
         <run_address>0xaf8</run_address>
         <size>0x1d9</size>
         <input_file_ref idref="fl-2"/>
      </object_component>
      <object_component id="oc-dd">
         <name>.debug_info</name>
         <load_address>0xcd1</load_address>
         <run_address>0xcd1</run_address>
         <size>0x18f</size>
         <input_file_ref idref="fl-2"/>
      </object_component>
      <object_component id="oc-b5">
         <name>.debug_info</name>
         <load_address>0xe60</load_address>
         <run_address>0xe60</run_address>
         <size>0x26b</size>
         <input_file_ref idref="fl-2"/>
      </object_component>
      <object_component id="oc-1e2">
         <name>.debug_info</name>
         <load_address>0x10cb</load_address>
         <run_address>0x10cb</run_address>
         <size>0x1028</size>
         <input_file_ref idref="fl-2"/>
      </object_component>
      <object_component id="oc-1dd">
         <name>.debug_info</name>
         <load_address>0x20f3</load_address>
         <run_address>0x20f3</run_address>
         <size>0x37e2</size>
         <input_file_ref idref="fl-2"/>
      </object_component>
      <object_component id="oc-ef">
         <name>.debug_info</name>
         <load_address>0x58d5</load_address>
         <run_address>0x58d5</run_address>
         <size>0x8b</size>
         <input_file_ref idref="fl-2"/>
      </object_component>
      <object_component id="oc-138">
         <name>.debug_info</name>
         <load_address>0x5960</load_address>
         <run_address>0x5960</run_address>
         <size>0x2a4</size>
         <input_file_ref idref="fl-2"/>
      </object_component>
      <object_component id="oc-1e7">
         <name>.debug_info</name>
         <load_address>0x5c04</load_address>
         <run_address>0x5c04</run_address>
         <size>0xef</size>
         <input_file_ref idref="fl-2"/>
      </object_component>
      <object_component id="oc-1b5">
         <name>.debug_info</name>
         <load_address>0x5cf3</load_address>
         <run_address>0x5cf3</run_address>
         <size>0xbb</size>
         <input_file_ref idref="fl-2"/>
      </object_component>
      <object_component id="oc-39c">
         <name>.debug_info</name>
         <load_address>0x5dae</load_address>
         <run_address>0x5dae</run_address>
         <size>0x131</size>
         <input_file_ref idref="fl-2"/>
      </object_component>
      <object_component id="oc-1ba">
         <name>.debug_info</name>
         <load_address>0x5edf</load_address>
         <run_address>0x5edf</run_address>
         <size>0x86b</size>
         <input_file_ref idref="fl-3"/>
      </object_component>
      <object_component id="oc-9a">
         <name>.debug_info</name>
         <load_address>0x674a</load_address>
         <run_address>0x674a</run_address>
         <size>0x279</size>
         <input_file_ref idref="fl-3"/>
      </object_component>
      <object_component id="oc-cb">
         <name>.debug_info</name>
         <load_address>0x69c3</load_address>
         <run_address>0x69c3</run_address>
         <size>0x1e7</size>
         <input_file_ref idref="fl-3"/>
      </object_component>
      <object_component id="oc-f4">
         <name>.debug_info</name>
         <load_address>0x6baa</load_address>
         <run_address>0x6baa</run_address>
         <size>0x439</size>
         <input_file_ref idref="fl-3"/>
      </object_component>
      <object_component id="oc-18b">
         <name>.debug_info</name>
         <load_address>0x6fe3</load_address>
         <run_address>0x6fe3</run_address>
         <size>0xa58</size>
         <input_file_ref idref="fl-4"/>
      </object_component>
      <object_component id="oc-1a7">
         <name>.debug_info</name>
         <load_address>0x7a3b</load_address>
         <run_address>0x7a3b</run_address>
         <size>0x196</size>
         <input_file_ref idref="fl-4"/>
      </object_component>
      <object_component id="oc-e3">
         <name>.debug_info</name>
         <load_address>0x7bd1</load_address>
         <run_address>0x7bd1</run_address>
         <size>0x255</size>
         <input_file_ref idref="fl-4"/>
      </object_component>
      <object_component id="oc-d7">
         <name>.debug_info</name>
         <load_address>0x7e26</load_address>
         <run_address>0x7e26</run_address>
         <size>0x1ee</size>
         <input_file_ref idref="fl-4"/>
      </object_component>
      <object_component id="oc-1ae">
         <name>.debug_info</name>
         <load_address>0x8014</load_address>
         <run_address>0x8014</run_address>
         <size>0x196</size>
         <input_file_ref idref="fl-4"/>
      </object_component>
      <object_component id="oc-e9">
         <name>.debug_info</name>
         <load_address>0x81aa</load_address>
         <run_address>0x81aa</run_address>
         <size>0x2e9</size>
         <input_file_ref idref="fl-4"/>
      </object_component>
      <object_component id="oc-176">
         <name>.debug_info</name>
         <load_address>0x8493</load_address>
         <run_address>0x8493</run_address>
         <size>0x17c</size>
         <input_file_ref idref="fl-4"/>
      </object_component>
      <object_component id="oc-d1">
         <name>.debug_info</name>
         <load_address>0x860f</load_address>
         <run_address>0x860f</run_address>
         <size>0x21f</size>
         <input_file_ref idref="fl-4"/>
      </object_component>
      <object_component id="oc-ae">
         <name>.debug_info</name>
         <load_address>0x882e</load_address>
         <run_address>0x882e</run_address>
         <size>0x14b</size>
         <input_file_ref idref="fl-5"/>
      </object_component>
      <object_component id="oc-32">
         <name>.debug_info</name>
         <load_address>0x8979</load_address>
         <run_address>0x8979</run_address>
         <size>0x84</size>
         <input_file_ref idref="fl-5"/>
      </object_component>
      <object_component id="oc-279">
         <name>.debug_info</name>
         <load_address>0x89fd</load_address>
         <run_address>0x89fd</run_address>
         <size>0x949</size>
         <input_file_ref idref="fl-6"/>
      </object_component>
      <object_component id="oc-182">
         <name>.debug_info</name>
         <load_address>0x9346</load_address>
         <run_address>0x9346</run_address>
         <size>0x12d</size>
         <input_file_ref idref="fl-6"/>
      </object_component>
      <object_component id="oc-185">
         <name>.debug_info</name>
         <load_address>0x9473</load_address>
         <run_address>0x9473</run_address>
         <size>0x139</size>
         <input_file_ref idref="fl-6"/>
      </object_component>
      <object_component id="oc-336">
         <name>.debug_info</name>
         <load_address>0x95ac</load_address>
         <run_address>0x95ac</run_address>
         <size>0x10e</size>
         <input_file_ref idref="fl-6"/>
      </object_component>
      <object_component id="oc-232">
         <name>.debug_info</name>
         <load_address>0x96ba</load_address>
         <run_address>0x96ba</run_address>
         <size>0x400</size>
         <input_file_ref idref="fl-6"/>
      </object_component>
      <object_component id="oc-31f">
         <name>.debug_info</name>
         <load_address>0x9aba</load_address>
         <run_address>0x9aba</run_address>
         <size>0x30c</size>
         <input_file_ref idref="fl-6"/>
      </object_component>
      <object_component id="oc-238">
         <name>.debug_info</name>
         <load_address>0x9dc6</load_address>
         <run_address>0x9dc6</run_address>
         <size>0x268</size>
         <input_file_ref idref="fl-6"/>
      </object_component>
      <object_component id="oc-248">
         <name>.debug_info</name>
         <load_address>0xa02e</load_address>
         <run_address>0xa02e</run_address>
         <size>0x2ad</size>
         <input_file_ref idref="fl-6"/>
      </object_component>
      <object_component id="oc-24e">
         <name>.debug_info</name>
         <load_address>0xa2db</load_address>
         <run_address>0xa2db</run_address>
         <size>0x410</size>
         <input_file_ref idref="fl-6"/>
      </object_component>
      <object_component id="oc-254">
         <name>.debug_info</name>
         <load_address>0xa6eb</load_address>
         <run_address>0xa6eb</run_address>
         <size>0x2c8</size>
         <input_file_ref idref="fl-6"/>
      </object_component>
      <object_component id="oc-25a">
         <name>.debug_info</name>
         <load_address>0xa9b3</load_address>
         <run_address>0xa9b3</run_address>
         <size>0x2c8</size>
         <input_file_ref idref="fl-6"/>
      </object_component>
      <object_component id="oc-260">
         <name>.debug_info</name>
         <load_address>0xac7b</load_address>
         <run_address>0xac7b</run_address>
         <size>0x2f9</size>
         <input_file_ref idref="fl-6"/>
      </object_component>
      <object_component id="oc-266">
         <name>.debug_info</name>
         <load_address>0xaf74</load_address>
         <run_address>0xaf74</run_address>
         <size>0x216</size>
         <input_file_ref idref="fl-6"/>
      </object_component>
      <object_component id="oc-26c">
         <name>.debug_info</name>
         <load_address>0xb18a</load_address>
         <run_address>0xb18a</run_address>
         <size>0x1d1</size>
         <input_file_ref idref="fl-6"/>
      </object_component>
      <object_component id="oc-272">
         <name>.debug_info</name>
         <load_address>0xb35b</load_address>
         <run_address>0xb35b</run_address>
         <size>0x241</size>
         <input_file_ref idref="fl-6"/>
      </object_component>
      <object_component id="oc-33b">
         <name>.debug_info</name>
         <load_address>0xb59c</load_address>
         <run_address>0xb59c</run_address>
         <size>0x37e2</size>
         <input_file_ref idref="fl-6"/>
      </object_component>
      <object_component id="oc-3c7">
         <name>.debug_info</name>
         <load_address>0xed7e</load_address>
         <run_address>0xed7e</run_address>
         <size>0x88f</size>
         <input_file_ref idref="fl-7"/>
      </object_component>
      <object_component id="oc-399">
         <name>.debug_info</name>
         <load_address>0xf60d</load_address>
         <run_address>0xf60d</run_address>
         <size>0x121</size>
         <input_file_ref idref="fl-7"/>
      </object_component>
      <object_component id="oc-2fc">
         <name>.debug_info</name>
         <load_address>0xf72e</load_address>
         <run_address>0xf72e</run_address>
         <size>0x278</size>
         <input_file_ref idref="fl-7"/>
      </object_component>
      <object_component id="oc-302">
         <name>.debug_info</name>
         <load_address>0xf9a6</load_address>
         <run_address>0xf9a6</run_address>
         <size>0x241</size>
         <input_file_ref idref="fl-7"/>
      </object_component>
      <object_component id="oc-313">
         <name>.debug_info</name>
         <load_address>0xfbe7</load_address>
         <run_address>0xfbe7</run_address>
         <size>0x238</size>
         <input_file_ref idref="fl-7"/>
      </object_component>
      <object_component id="oc-31a">
         <name>.debug_info</name>
         <load_address>0xfe1f</load_address>
         <run_address>0xfe1f</run_address>
         <size>0x1eb</size>
         <input_file_ref idref="fl-7"/>
      </object_component>
      <object_component id="oc-75">
         <name>.debug_info</name>
         <load_address>0x1000a</load_address>
         <run_address>0x1000a</run_address>
         <size>0x2eb</size>
         <input_file_ref idref="fl-8"/>
      </object_component>
      <object_component id="oc-27">
         <name>.debug_info</name>
         <load_address>0x102f5</load_address>
         <run_address>0x102f5</run_address>
         <size>0x117</size>
         <input_file_ref idref="fl-8"/>
      </object_component>
      <object_component id="oc-69">
         <name>.debug_info</name>
         <load_address>0x1040c</load_address>
         <run_address>0x1040c</run_address>
         <size>0x17a</size>
         <input_file_ref idref="fl-8"/>
      </object_component>
      <object_component id="oc-6f">
         <name>.debug_info</name>
         <load_address>0x10586</load_address>
         <run_address>0x10586</run_address>
         <size>0x162</size>
         <input_file_ref idref="fl-8"/>
      </object_component>
      <object_component id="oc-292">
         <name>.debug_info</name>
         <load_address>0x106e8</load_address>
         <run_address>0x106e8</run_address>
         <size>0x48c</size>
         <input_file_ref idref="fl-14"/>
      </object_component>
      <object_component id="oc-193">
         <name>.debug_info</name>
         <load_address>0x10b74</load_address>
         <run_address>0x10b74</run_address>
         <size>0x2a2</size>
         <input_file_ref idref="fl-14"/>
      </object_component>
      <object_component id="oc-2f3">
         <name>.debug_info</name>
         <load_address>0x10e16</load_address>
         <run_address>0x10e16</run_address>
         <size>0x26b</size>
         <input_file_ref idref="fl-14"/>
      </object_component>
      <object_component id="oc-2a1">
         <name>.debug_info</name>
         <load_address>0x11081</load_address>
         <run_address>0x11081</run_address>
         <size>0x439</size>
         <input_file_ref idref="fl-14"/>
      </object_component>
      <object_component id="oc-2da">
         <name>.debug_info</name>
         <load_address>0x114ba</load_address>
         <run_address>0x114ba</run_address>
         <size>0x297</size>
         <input_file_ref idref="fl-14"/>
      </object_component>
      <object_component id="oc-2b0">
         <name>.debug_info</name>
         <load_address>0x11751</load_address>
         <run_address>0x11751</run_address>
         <size>0xef</size>
         <input_file_ref idref="fl-14"/>
      </object_component>
      <object_component id="oc-1ed">
         <name>.debug_info</name>
         <load_address>0x11840</load_address>
         <run_address>0x11840</run_address>
         <size>0xbb</size>
         <input_file_ref idref="fl-14"/>
      </object_component>
      <object_component id="oc-227">
         <name>.debug_info</name>
         <load_address>0x118fb</load_address>
         <run_address>0x118fb</run_address>
         <size>0x561</size>
         <input_file_ref idref="fl-15"/>
      </object_component>
      <object_component id="oc-161">
         <name>.debug_info</name>
         <load_address>0x11e5c</load_address>
         <run_address>0x11e5c</run_address>
         <size>0x1ef</size>
         <input_file_ref idref="fl-15"/>
      </object_component>
      <object_component id="oc-16d">
         <name>.debug_info</name>
         <load_address>0x1204b</load_address>
         <run_address>0x1204b</run_address>
         <size>0x203</size>
         <input_file_ref idref="fl-15"/>
      </object_component>
      <object_component id="oc-173">
         <name>.debug_info</name>
         <load_address>0x1224e</load_address>
         <run_address>0x1224e</run_address>
         <size>0x1d0</size>
         <input_file_ref idref="fl-15"/>
      </object_component>
      <object_component id="oc-167">
         <name>.debug_info</name>
         <load_address>0x1241e</load_address>
         <run_address>0x1241e</run_address>
         <size>0x1f6</size>
         <input_file_ref idref="fl-15"/>
      </object_component>
      <object_component id="oc-17e">
         <name>.debug_info</name>
         <load_address>0x12614</load_address>
         <run_address>0x12614</run_address>
         <size>0x1c3</size>
         <input_file_ref idref="fl-15"/>
      </object_component>
      <object_component id="oc-2f9">
         <name>.debug_info</name>
         <load_address>0x127d7</load_address>
         <run_address>0x127d7</run_address>
         <size>0x3fb</size>
         <input_file_ref idref="fl-16"/>
      </object_component>
      <object_component id="oc-29b">
         <name>.debug_info</name>
         <load_address>0x12bd2</load_address>
         <run_address>0x12bd2</run_address>
         <size>0x203</size>
         <input_file_ref idref="fl-16"/>
      </object_component>
      <object_component id="oc-347">
         <name>.debug_info</name>
         <load_address>0x12dd5</load_address>
         <run_address>0x12dd5</run_address>
         <size>0x221</size>
         <input_file_ref idref="fl-16"/>
      </object_component>
      <object_component id="oc-34f">
         <name>.debug_info</name>
         <load_address>0x12ff6</load_address>
         <run_address>0x12ff6</run_address>
         <size>0x21d</size>
         <input_file_ref idref="fl-16"/>
      </object_component>
      <object_component id="oc-22b">
         <name>.debug_info</name>
         <load_address>0x13213</load_address>
         <run_address>0x13213</run_address>
         <size>0x1e3</size>
         <input_file_ref idref="fl-16"/>
      </object_component>
      <object_component id="oc-241">
         <name>.debug_info</name>
         <load_address>0x133f6</load_address>
         <run_address>0x133f6</run_address>
         <size>0x1db</size>
         <input_file_ref idref="fl-16"/>
      </object_component>
      <object_component id="oc-280">
         <name>.debug_info</name>
         <load_address>0x135d1</load_address>
         <run_address>0x135d1</run_address>
         <size>0x27a</size>
         <input_file_ref idref="fl-17"/>
      </object_component>
      <object_component id="oc-27c">
         <name>.debug_info</name>
         <load_address>0x1384b</load_address>
         <run_address>0x1384b</run_address>
         <size>0x12c</size>
         <input_file_ref idref="fl-17"/>
      </object_component>
      <object_component id="oc-188">
         <name>.debug_info</name>
         <load_address>0x13977</load_address>
         <run_address>0x13977</run_address>
         <size>0x129</size>
         <input_file_ref idref="fl-17"/>
      </object_component>
      <object_component id="oc-34b">
         <name>.debug_info</name>
         <load_address>0x13aa0</load_address>
         <run_address>0x13aa0</run_address>
         <size>0x53b</size>
         <input_file_ref idref="fl-18"/>
      </object_component>
      <object_component id="oc-284">
         <name>.debug_info</name>
         <load_address>0x13fdb</load_address>
         <run_address>0x13fdb</run_address>
         <size>0x216</size>
         <input_file_ref idref="fl-18"/>
      </object_component>
      <object_component id="oc-28b">
         <name>.debug_info</name>
         <load_address>0x141f1</load_address>
         <run_address>0x141f1</run_address>
         <size>0x214</size>
         <input_file_ref idref="fl-18"/>
      </object_component>
      <object_component id="oc-290">
         <name>.debug_info</name>
         <load_address>0x14405</load_address>
         <run_address>0x14405</run_address>
         <size>0x4f5</size>
         <input_file_ref idref="fl-19"/>
      </object_component>
      <object_component id="oc-190">
         <name>.debug_info</name>
         <load_address>0x148fa</load_address>
         <run_address>0x148fa</run_address>
         <size>0x22a</size>
         <input_file_ref idref="fl-19"/>
      </object_component>
      <object_component id="oc-2a0">
         <name>.debug_info</name>
         <load_address>0x14b24</load_address>
         <run_address>0x14b24</run_address>
         <size>0x4ba</size>
         <input_file_ref idref="fl-1a"/>
      </object_component>
      <object_component id="oc-295">
         <name>.debug_info</name>
         <load_address>0x14fde</load_address>
         <run_address>0x14fde</run_address>
         <size>0x1c5</size>
         <input_file_ref idref="fl-1a"/>
      </object_component>
      <object_component id="oc-19a">
         <name>.debug_info</name>
         <load_address>0x151a3</load_address>
         <run_address>0x151a3</run_address>
         <size>0x42a</size>
         <input_file_ref idref="fl-1a"/>
      </object_component>
      <object_component id="oc-2ea">
         <name>.debug_info</name>
         <load_address>0x155cd</load_address>
         <run_address>0x155cd</run_address>
         <size>0x706</size>
         <input_file_ref idref="fl-1b"/>
      </object_component>
      <object_component id="oc-2ad">
         <name>.debug_info</name>
         <load_address>0x15cd3</load_address>
         <run_address>0x15cd3</run_address>
         <size>0x124</size>
         <input_file_ref idref="fl-1b"/>
      </object_component>
      <object_component id="oc-2a7">
         <name>.debug_info</name>
         <load_address>0x15df7</load_address>
         <run_address>0x15df7</run_address>
         <size>0x1d9</size>
         <input_file_ref idref="fl-1b"/>
      </object_component>
      <object_component id="oc-2e1">
         <name>.debug_info</name>
         <load_address>0x15fd0</load_address>
         <run_address>0x15fd0</run_address>
         <size>0x1b8</size>
         <input_file_ref idref="fl-1b"/>
      </object_component>
      <object_component id="oc-1f4">
         <name>.debug_info</name>
         <load_address>0x16188</load_address>
         <run_address>0x16188</run_address>
         <size>0x1ad</size>
         <input_file_ref idref="fl-1b"/>
      </object_component>
      <object_component id="oc-206">
         <name>.debug_info</name>
         <load_address>0x16335</load_address>
         <run_address>0x16335</run_address>
         <size>0x233</size>
         <input_file_ref idref="fl-1b"/>
      </object_component>
      <object_component id="oc-1fa">
         <name>.debug_info</name>
         <load_address>0x16568</load_address>
         <run_address>0x16568</run_address>
         <size>0x2fa</size>
         <input_file_ref idref="fl-1b"/>
      </object_component>
      <object_component id="oc-200">
         <name>.debug_info</name>
         <load_address>0x16862</load_address>
         <run_address>0x16862</run_address>
         <size>0x308</size>
         <input_file_ref idref="fl-1b"/>
      </object_component>
      <object_component id="oc-21a">
         <name>.debug_info</name>
         <load_address>0x16b6a</load_address>
         <run_address>0x16b6a</run_address>
         <size>0x1d9</size>
         <input_file_ref idref="fl-1b"/>
      </object_component>
      <object_component id="oc-220">
         <name>.debug_info</name>
         <load_address>0x16d43</load_address>
         <run_address>0x16d43</run_address>
         <size>0x1ca</size>
         <input_file_ref idref="fl-1b"/>
      </object_component>
      <object_component id="oc-20d">
         <name>.debug_info</name>
         <load_address>0x16f0d</load_address>
         <run_address>0x16f0d</run_address>
         <size>0x38b</size>
         <input_file_ref idref="fl-1b"/>
      </object_component>
      <object_component id="oc-1a0">
         <name>.debug_info</name>
         <load_address>0x17298</load_address>
         <run_address>0x17298</run_address>
         <size>0x22f</size>
         <input_file_ref idref="fl-1b"/>
      </object_component>
      <object_component id="oc-370">
         <name>.debug_info</name>
         <load_address>0x174c7</load_address>
         <run_address>0x174c7</run_address>
         <size>0x431a</size>
         <input_file_ref idref="fl-1b"/>
      </object_component>
      <object_component id="oc-375">
         <name>.debug_info</name>
         <load_address>0x1b7e1</load_address>
         <run_address>0x1b7e1</run_address>
         <size>0x1028</size>
         <input_file_ref idref="fl-1b"/>
      </object_component>
      <object_component id="oc-37c">
         <name>.debug_info</name>
         <load_address>0x1c809</load_address>
         <run_address>0x1c809</run_address>
         <size>0x701</size>
         <input_file_ref idref="fl-1c"/>
      </object_component>
      <object_component id="oc-2ec">
         <name>.debug_info</name>
         <load_address>0x1cf0a</load_address>
         <run_address>0x1cf0a</run_address>
         <size>0x135</size>
         <input_file_ref idref="fl-1c"/>
      </object_component>
      <object_component id="oc-388">
         <name>.debug_info</name>
         <load_address>0x1d03f</load_address>
         <run_address>0x1d03f</run_address>
         <size>0x252</size>
         <input_file_ref idref="fl-1c"/>
      </object_component>
      <object_component id="oc-382">
         <name>.debug_info</name>
         <load_address>0x1d291</load_address>
         <run_address>0x1d291</run_address>
         <size>0x2a5</size>
         <input_file_ref idref="fl-1c"/>
      </object_component>
      <object_component id="oc-215">
         <name>.debug_info</name>
         <load_address>0x1d536</load_address>
         <run_address>0x1d536</run_address>
         <size>0x2a3</size>
         <input_file_ref idref="fl-1c"/>
      </object_component>
      <object_component id="oc-30f">
         <name>.debug_info</name>
         <load_address>0x1d7d9</load_address>
         <run_address>0x1d7d9</run_address>
         <size>0x25a</size>
         <input_file_ref idref="fl-1c"/>
      </object_component>
      <object_component id="oc-309">
         <name>.debug_info</name>
         <load_address>0x1da33</load_address>
         <run_address>0x1da33</run_address>
         <size>0x258</size>
         <input_file_ref idref="fl-1c"/>
      </object_component>
      <object_component id="oc-3b7">
         <name>.debug_info</name>
         <load_address>0x1dc8b</load_address>
         <run_address>0x1dc8b</run_address>
         <size>0x6f5</size>
         <input_file_ref idref="fl-1e"/>
      </object_component>
      <object_component id="oc-3b1">
         <name>.debug_info</name>
         <load_address>0x1e380</load_address>
         <run_address>0x1e380</run_address>
         <size>0x1c7</size>
         <input_file_ref idref="fl-1e"/>
      </object_component>
      <object_component id="oc-38d">
         <name>.debug_info</name>
         <load_address>0x1e547</load_address>
         <run_address>0x1e547</run_address>
         <size>0x22b</size>
         <input_file_ref idref="fl-1e"/>
      </object_component>
      <object_component id="oc-393">
         <name>.debug_info</name>
         <load_address>0x1e772</load_address>
         <run_address>0x1e772</run_address>
         <size>0x235</size>
         <input_file_ref idref="fl-1e"/>
      </object_component>
      <object_component id="oc-3bf">
         <name>.debug_info</name>
         <load_address>0x1e9a7</load_address>
         <run_address>0x1e9a7</run_address>
         <size>0x1e9</size>
         <input_file_ref idref="fl-1e"/>
      </object_component>
      <object_component id="oc-3b9">
         <name>.debug_info</name>
         <load_address>0x1eb90</load_address>
         <run_address>0x1eb90</run_address>
         <size>0x1e9</size>
         <input_file_ref idref="fl-1e"/>
      </object_component>
      <object_component id="oc-3cb">
         <name>.debug_info</name>
         <load_address>0x1ed79</load_address>
         <run_address>0x1ed79</run_address>
         <size>0x131</size>
         <input_file_ref idref="fl-1e"/>
      </object_component>
      <object_component id="oc-146">
         <name>.debug_info</name>
         <load_address>0x1eeaa</load_address>
         <run_address>0x1eeaa</run_address>
         <size>0x26f</size>
         <input_file_ref idref="fl-1f"/>
      </object_component>
      <object_component id="oc-140">
         <name>.debug_info</name>
         <load_address>0x1f119</load_address>
         <run_address>0x1f119</run_address>
         <size>0x1c9</size>
         <input_file_ref idref="fl-20"/>
      </object_component>
      <object_component id="oc-8c">
         <name>.debug_info</name>
         <load_address>0x1f2e2</load_address>
         <run_address>0x1f2e2</run_address>
         <size>0x2d4</size>
         <input_file_ref idref="fl-d8"/>
      </object_component>
      <object_component id="oc-44">
         <name>.debug_info</name>
         <load_address>0x1f5b6</load_address>
         <run_address>0x1f5b6</run_address>
         <size>0x1d2</size>
         <input_file_ref idref="fl-d8"/>
      </object_component>
      <object_component id="oc-87">
         <name>.debug_info</name>
         <load_address>0x1f788</load_address>
         <run_address>0x1f788</run_address>
         <size>0x46</size>
         <input_file_ref idref="fl-d8"/>
      </object_component>
      <object_component id="oc-c1">
         <name>.debug_info</name>
         <load_address>0x1f7ce</load_address>
         <run_address>0x1f7ce</run_address>
         <size>0x2c</size>
         <input_file_ref idref="fl-d8"/>
      </object_component>
      <object_component id="oc-42">
         <name>.debug_info</name>
         <load_address>0x1f7fa</load_address>
         <run_address>0x1f7fa</run_address>
         <size>0x2a8</size>
         <input_file_ref idref="fl-d9"/>
      </object_component>
      <object_component id="oc-1e">
         <name>.debug_info</name>
         <load_address>0x1faa2</load_address>
         <run_address>0x1faa2</run_address>
         <size>0x1ea</size>
         <input_file_ref idref="fl-d9"/>
      </object_component>
      <object_component id="oc-3d">
         <name>.debug_info</name>
         <load_address>0x1fc8c</load_address>
         <run_address>0x1fc8c</run_address>
         <size>0x46</size>
         <input_file_ref idref="fl-d9"/>
      </object_component>
      <object_component id="oc-7f">
         <name>.debug_info</name>
         <load_address>0x1fcd2</load_address>
         <run_address>0x1fcd2</run_address>
         <size>0x2c</size>
         <input_file_ref idref="fl-d9"/>
      </object_component>
      <object_component id="oc-7d">
         <name>.debug_info</name>
         <load_address>0x1fcfe</load_address>
         <run_address>0x1fcfe</run_address>
         <size>0x29e</size>
         <input_file_ref idref="fl-da"/>
      </object_component>
      <object_component id="oc-1a">
         <name>.debug_info</name>
         <load_address>0x1ff9c</load_address>
         <run_address>0x1ff9c</run_address>
         <size>0x250</size>
         <input_file_ref idref="fl-da"/>
      </object_component>
      <object_component id="oc-2d">
         <name>.debug_info</name>
         <load_address>0x201ec</load_address>
         <run_address>0x201ec</run_address>
         <size>0x60</size>
         <input_file_ref idref="fl-da"/>
      </object_component>
      <object_component id="oc-ba">
         <name>.debug_info</name>
         <load_address>0x2024c</load_address>
         <run_address>0x2024c</run_address>
         <size>0x46</size>
         <input_file_ref idref="fl-da"/>
      </object_component>
      <object_component id="oc-78">
         <name>.debug_info</name>
         <load_address>0x20292</load_address>
         <run_address>0x20292</run_address>
         <size>0x39</size>
         <input_file_ref idref="fl-da"/>
      </object_component>
      <object_component id="oc-2a">
         <name>.debug_info</name>
         <load_address>0x202cb</load_address>
         <run_address>0x202cb</run_address>
         <size>0x10b</size>
         <input_file_ref idref="fl-db"/>
      </object_component>
      <object_component id="oc-57">
         <name>.debug_info</name>
         <load_address>0x203d6</load_address>
         <run_address>0x203d6</run_address>
         <size>0x1a9</size>
         <input_file_ref idref="fl-db"/>
      </object_component>
      <object_component id="oc-3a">
         <name>.debug_info</name>
         <load_address>0x2057f</load_address>
         <run_address>0x2057f</run_address>
         <size>0x119</size>
         <input_file_ref idref="fl-dd"/>
      </object_component>
      <object_component id="oc-1c6">
         <name>.debug_info</name>
         <load_address>0x20698</load_address>
         <run_address>0x20698</run_address>
         <size>0x4b3</size>
         <input_file_ref idref="fl-de"/>
      </object_component>
      <object_component id="oc-107">
         <name>.debug_info</name>
         <load_address>0x20b4b</load_address>
         <run_address>0x20b4b</run_address>
         <size>0x1a6</size>
         <input_file_ref idref="fl-de"/>
      </object_component>
      <object_component id="oc-2c9">
         <name>.debug_info</name>
         <load_address>0x20cf1</load_address>
         <run_address>0x20cf1</run_address>
         <size>0x39</size>
         <input_file_ref idref="fl-de"/>
      </object_component>
      <object_component id="oc-361">
         <name>.debug_info</name>
         <load_address>0x20d2a</load_address>
         <run_address>0x20d2a</run_address>
         <size>0x39</size>
         <input_file_ref idref="fl-de"/>
      </object_component>
      <object_component id="oc-2ce">
         <name>.debug_info</name>
         <load_address>0x20d63</load_address>
         <run_address>0x20d63</run_address>
         <size>0x39</size>
         <input_file_ref idref="fl-de"/>
      </object_component>
      <object_component id="oc-2d3">
         <name>.debug_info</name>
         <load_address>0x20d9c</load_address>
         <run_address>0x20d9c</run_address>
         <size>0xcd</size>
         <input_file_ref idref="fl-de"/>
      </object_component>
      <object_component id="oc-95">
         <name>.debug_info</name>
         <load_address>0x20e69</load_address>
         <run_address>0x20e69</run_address>
         <size>0x153</size>
         <input_file_ref idref="fl-df"/>
      </object_component>
      <object_component id="oc-fa">
         <name>.debug_info</name>
         <load_address>0x20fbc</load_address>
         <run_address>0x20fbc</run_address>
         <size>0x122</size>
         <input_file_ref idref="fl-e1"/>
      </object_component>
      <object_component id="oc-409">
         <name>.debug_info</name>
         <load_address>0x210de</load_address>
         <run_address>0x210de</run_address>
         <size>0xbf</size>
      </object_component>
      <object_component id="oc-1dc">
         <name>.debug_line</name>
         <load_address>0x0</load_address>
         <run_address>0x0</run_address>
         <size>0xd5</size>
         <input_file_ref idref="fl-2"/>
      </object_component>
      <object_component id="oc-14e">
         <name>.debug_line</name>
         <load_address>0xd5</load_address>
         <run_address>0xd5</run_address>
         <size>0x48</size>
         <input_file_ref idref="fl-2"/>
      </object_component>
      <object_component id="oc-15a">
         <name>.debug_line</name>
         <load_address>0x11d</load_address>
         <run_address>0x11d</run_address>
         <size>0x46</size>
         <input_file_ref idref="fl-2"/>
      </object_component>
      <object_component id="oc-155">
         <name>.debug_line</name>
         <load_address>0x163</load_address>
         <run_address>0x163</run_address>
         <size>0x4a</size>
         <input_file_ref idref="fl-2"/>
      </object_component>
      <object_component id="oc-e0">
         <name>.debug_line</name>
         <load_address>0x1ad</load_address>
         <run_address>0x1ad</run_address>
         <size>0x49</size>
         <input_file_ref idref="fl-2"/>
      </object_component>
      <object_component id="oc-b8">
         <name>.debug_line</name>
         <load_address>0x1f6</load_address>
         <run_address>0x1f6</run_address>
         <size>0x6f</size>
         <input_file_ref idref="fl-2"/>
      </object_component>
      <object_component id="oc-1e5">
         <name>.debug_line</name>
         <load_address>0x265</load_address>
         <run_address>0x265</run_address>
         <size>0x78</size>
         <input_file_ref idref="fl-2"/>
      </object_component>
      <object_component id="oc-1e0">
         <name>.debug_line</name>
         <load_address>0x2dd</load_address>
         <run_address>0x2dd</run_address>
         <size>0x7b</size>
         <input_file_ref idref="fl-2"/>
      </object_component>
      <object_component id="oc-f2">
         <name>.debug_line</name>
         <load_address>0x358</load_address>
         <run_address>0x358</run_address>
         <size>0x20</size>
         <input_file_ref idref="fl-2"/>
      </object_component>
      <object_component id="oc-13b">
         <name>.debug_line</name>
         <load_address>0x378</load_address>
         <run_address>0x378</run_address>
         <size>0x73</size>
         <input_file_ref idref="fl-2"/>
      </object_component>
      <object_component id="oc-1ea">
         <name>.debug_line</name>
         <load_address>0x3eb</load_address>
         <run_address>0x3eb</run_address>
         <size>0x6f</size>
         <input_file_ref idref="fl-2"/>
      </object_component>
      <object_component id="oc-1b8">
         <name>.debug_line</name>
         <load_address>0x45a</load_address>
         <run_address>0x45a</run_address>
         <size>0x70</size>
         <input_file_ref idref="fl-2"/>
      </object_component>
      <object_component id="oc-39f">
         <name>.debug_line</name>
         <load_address>0x4ca</load_address>
         <run_address>0x4ca</run_address>
         <size>0x79</size>
         <input_file_ref idref="fl-2"/>
      </object_component>
      <object_component id="oc-2b8">
         <name>.debug_line</name>
         <load_address>0x543</load_address>
         <run_address>0x543</run_address>
         <size>0xfd</size>
         <input_file_ref idref="fl-3"/>
      </object_component>
      <object_component id="oc-9d">
         <name>.debug_line</name>
         <load_address>0x640</load_address>
         <run_address>0x640</run_address>
         <size>0x75</size>
         <input_file_ref idref="fl-3"/>
      </object_component>
      <object_component id="oc-cf">
         <name>.debug_line</name>
         <load_address>0x6b5</load_address>
         <run_address>0x6b5</run_address>
         <size>0x64</size>
         <input_file_ref idref="fl-3"/>
      </object_component>
      <object_component id="oc-f7">
         <name>.debug_line</name>
         <load_address>0x719</load_address>
         <run_address>0x719</run_address>
         <size>0x64</size>
         <input_file_ref idref="fl-3"/>
      </object_component>
      <object_component id="oc-282">
         <name>.debug_line</name>
         <load_address>0x77d</load_address>
         <run_address>0x77d</run_address>
         <size>0x91</size>
         <input_file_ref idref="fl-4"/>
      </object_component>
      <object_component id="oc-1ab">
         <name>.debug_line</name>
         <load_address>0x80e</load_address>
         <run_address>0x80e</run_address>
         <size>0x4f</size>
         <input_file_ref idref="fl-4"/>
      </object_component>
      <object_component id="oc-e7">
         <name>.debug_line</name>
         <load_address>0x85d</load_address>
         <run_address>0x85d</run_address>
         <size>0x51</size>
         <input_file_ref idref="fl-4"/>
      </object_component>
      <object_component id="oc-da">
         <name>.debug_line</name>
         <load_address>0x8ae</load_address>
         <run_address>0x8ae</run_address>
         <size>0x53</size>
         <input_file_ref idref="fl-4"/>
      </object_component>
      <object_component id="oc-1b1">
         <name>.debug_line</name>
         <load_address>0x901</load_address>
         <run_address>0x901</run_address>
         <size>0x4f</size>
         <input_file_ref idref="fl-4"/>
      </object_component>
      <object_component id="oc-ed">
         <name>.debug_line</name>
         <load_address>0x950</load_address>
         <run_address>0x950</run_address>
         <size>0x5c</size>
         <input_file_ref idref="fl-4"/>
      </object_component>
      <object_component id="oc-179">
         <name>.debug_line</name>
         <load_address>0x9ac</load_address>
         <run_address>0x9ac</run_address>
         <size>0x4e</size>
         <input_file_ref idref="fl-4"/>
      </object_component>
      <object_component id="oc-d5">
         <name>.debug_line</name>
         <load_address>0x9fa</load_address>
         <run_address>0x9fa</run_address>
         <size>0x52</size>
         <input_file_ref idref="fl-4"/>
      </object_component>
      <object_component id="oc-ac">
         <name>.debug_line</name>
         <load_address>0xa4c</load_address>
         <run_address>0xa4c</run_address>
         <size>0x66</size>
         <input_file_ref idref="fl-5"/>
      </object_component>
      <object_component id="oc-35">
         <name>.debug_line</name>
         <load_address>0xab2</load_address>
         <run_address>0xab2</run_address>
         <size>0x20</size>
         <input_file_ref idref="fl-5"/>
      </object_component>
      <object_component id="oc-33a">
         <name>.debug_line</name>
         <load_address>0xad2</load_address>
         <run_address>0xad2</run_address>
         <size>0xe8</size>
         <input_file_ref idref="fl-6"/>
      </object_component>
      <object_component id="oc-246">
         <name>.debug_line</name>
         <load_address>0xbba</load_address>
         <run_address>0xbba</run_address>
         <size>0x4d</size>
         <input_file_ref idref="fl-6"/>
      </object_component>
[...]
      </symbol>
      <symbol id="sm-d">
         <name>__TI_pprof_out_hndl</name>
         <value>0xffffffff</value>
      </symbol>
      <symbol id="sm-e">
         <name>__TI_prof_data_start</name>
         <value>0xffffffff</value>
      </symbol>
      <symbol id="sm-f">
         <name>__TI_prof_data_size</name>
         <value>0xffffffff</value>
      </symbol>
      <symbol id="sm-78">
         <name>getSampleJoyStick</name>
         <value>0x1e8d</value>
         <object_component_ref idref="oc-dc"/>
      </symbol>
      <symbol id="sm-79">
         <name>initJoyStick</name>
         <value>0x1c65</value>
         <object_component_ref idref="oc-150"/>
      </symbol>
      <symbol id="sm-7a">
         <name>startADC</name>
         <value>0x1fa5</value>
         <object_component_ref idref="oc-156"/>
      </symbol>
      <symbol id="sm-7b">
         <name>initADC</name>
         <value>0x1e31</value>
         <object_component_ref idref="oc-14a"/>
      </symbol>
      <symbol id="sm-9a">
         <name>initialize</name>
         <value>0x1c01</value>
         <object_component_ref idref="oc-ca"/>
      </symbol>
      <symbol id="sm-9b">
         <name>main</name>
         <value>0x183d</value>
         <object_component_ref idref="oc-99"/>
      </symbol>
      <symbol id="sm-f1">
         <name>drawXY</name>
         <value>0x1495</value>
         <object_component_ref idref="oc-e2"/>
      </symbol>
      <symbol id="sm-f2">
         <name>draw_Base</name>
         <value>0x158d</value>
         <object_component_ref idref="oc-d6"/>
      </symbol>
      <symbol id="sm-f3">
         <name>InitFonts</name>
         <value>0x1f71</value>
         <object_component_ref idref="oc-175"/>
      </symbol>
      <symbol id="sm-f4">
         <name>make_5digit_NumString</name>
         <value>0x1411</value>
         <object_component_ref idref="oc-1a6"/>
      </symbol>
      <symbol id="sm-f5">
         <name>MoveCircle</name>
         <value>0xe8d</value>
         <object_component_ref idref="oc-e8"/>
      </symbol>
      <symbol id="sm-f6">
         <name>make_3digit_NumString</name>
         <value>0x18e3</value>
         <object_component_ref idref="oc-1ad"/>
      </symbol>
      <symbol id="sm-f7">
         <name>InitGraphics</name>
         <value>0x192d</value>
         <object_component_ref idref="oc-d0"/>
      </symbol>
      <symbol id="sm-10f">
         <name>SystemInit</name>
         <value>0x1515</value>
         <object_component_ref idref="oc-ab"/>
      </symbol>
      <symbol id="sm-1c3">
         <name>Lcd_Orientation</name>
         <value>0x20000020</value>
      </symbol>
      <symbol id="sm-1c4">
         <name>Lcd_ScreenWidth</name>
         <value>0x2000001a</value>
      </symbol>
      <symbol id="sm-1c5">
         <name>Lcd_ScreenHeigth</name>
         <value>0x20000018</value>
      </symbol>
      <symbol id="sm-1c6">
         <name>Lcd_PenSolid</name>
         <value>0x20000021</value>
      </symbol>
      <symbol id="sm-1c7">
         <name>Lcd_FontSolid</name>
         <value>0x2000001f</value>
      </symbol>
      <symbol id="sm-1c8">
         <name>Lcd_FlagRead</name>
         <value>0x2000001e</value>
      </symbol>
      <symbol id="sm-1c9">
         <name>Lcd_TouchTrim</name>
         <value>0x2000001c</value>
      </symbol>
      <symbol id="sm-1ca">
         <name>Crystalfontz128x128_SetDrawFrame</name>
         <value>0xac5</value>
         <object_component_ref idref="oc-31e"/>
      </symbol>
      <symbol id="sm-1cb">
         <name>Crystalfontz128x128_SetOrientation</name>
         <value>0x17e9</value>
         <object_component_ref idref="oc-237"/>
      </symbol>
      <symbol id="sm-1cc">
         <name>g_sCrystalfontz128x128_funcs</name>
         <value>0x2660</value>
         <object_component_ref idref="oc-184"/>
      </symbol>
      <symbol id="sm-1cd">
         <name>g_sCrystalfontz128x128</name>
         <value>0x20000000</value>
         <object_component_ref idref="oc-181"/>
      </symbol>
      <symbol id="sm-1ce">
         <name>Crystalfontz128x128_Init</name>
         <value>0xbf9</value>
         <object_component_ref idref="oc-231"/>
      </symbol>
      <symbol id="sm-207">
         <name>HAL_LCD_writeData</name>
         <value>0x1d19</value>
         <object_component_ref idref="oc-318"/>
      </symbol>
      <symbol id="sm-208">
         <name>HAL_LCD_SpiInit</name>
         <value>0x1a75</value>
         <object_component_ref idref="oc-300"/>
      </symbol>
      <symbol id="sm-209">
         <name>HAL_LCD_PortInit</name>
         <value>0x1c35</value>
         <object_component_ref idref="oc-2fa"/>
      </symbol>
      <symbol id="sm-20a">
         <name>HAL_LCD_writeCommand</name>
         <value>0x1af5</value>
         <object_component_ref idref="oc-312"/>
      </symbol>
      <symbol id="sm-226">
         <name>Reset_Handler</name>
         <value>0x1f99</value>
         <object_component_ref idref="oc-67"/>
      </symbol>
      <symbol id="sm-227">
         <name>Default_Handler</name>
         <value>0x12ff</value>
         <object_component_ref idref="oc-6d"/>
      </symbol>
      <symbol id="sm-228">
         <name>interruptVectors</name>
         <value>0x0</value>
         <object_component_ref idref="oc-26"/>
      </symbol>
      <symbol id="sm-25f">
         <name>Graphics_fillCircle</name>
         <value>0x563</value>
         <object_component_ref idref="oc-192"/>
      </symbol>
      <symbol id="sm-28c">
         <name>Graphics_setBackgroundColor</name>
         <value>0x1ec3</value>
         <object_component_ref idref="oc-169"/>
      </symbol>
      <symbol id="sm-28d">
         <name>Graphics_setFont</name>
         <value>0x1edd</value>
         <object_component_ref idref="oc-16f"/>
      </symbol>
      <symbol id="sm-28e">
         <name>Graphics_initContext</name>
         <value>0x1891</value>
         <object_component_ref idref="oc-15d"/>
      </symbol>
      <symbol id="sm-28f">
         <name>Graphics_setForegroundColor</name>
         <value>0x1f23</value>
         <object_component_ref idref="oc-163"/>
      </symbol>
      <symbol id="sm-290">
         <name>Graphics_clearDisplay</name>
         <value>0x1f4f</value>
         <object_component_ref idref="oc-17b"/>
      </symbol>
      <symbol id="sm-2bd">
         <name>Graphics_clearDisplayOnDisplay</name>
         <value>0x1ea9</value>
         <object_component_ref idref="oc-23e"/>
      </symbol>
      <symbol id="sm-2be">
         <name>Graphics_drawPixelOnDisplay</name>
         <value>0x1ced</value>
         <object_component_ref idref="oc-299"/>
      </symbol>
      <symbol id="sm-2bf">
         <name>Graphics_translateColorOnDisplay</name>
         <value>0x1f39</value>
         <object_component_ref idref="oc-228"/>
      </symbol>
      <symbol id="sm-2c0">
         <name>Graphics_drawHorizontalLineOnDisplay</name>
         <value>0x1b2d</value>
         <object_component_ref idref="oc-344"/>
      </symbol>
      <symbol id="sm-2c1">
         <name>Graphics_drawVerticalLineOnDisplay</name>
         <value>0x1b63</value>
         <object_component_ref idref="oc-34c"/>
      </symbol>
      <symbol id="sm-2d3">
         <name>g_sFontCmtt12</name>
         <value>0x24e8</value>
         <object_component_ref idref="oc-187"/>
      </symbol>
      <symbol id="sm-2f4">
         <name>Graphics_drawLineH</name>
         <value>0x112b</value>
         <object_component_ref idref="oc-283"/>
      </symbol>
      <symbol id="sm-2f5">
         <name>Graphics_drawLineV</name>
         <value>0x11c7</value>
         <object_component_ref idref="oc-289"/>
      </symbol>
      <symbol id="sm-303">
         <name>Graphics_drawRectangle</name>
         <value>0xfed</value>
         <object_component_ref idref="oc-18c"/>
      </symbol>
      <symbol id="sm-343">
         <name>Graphics_drawString</name>
         <value>0xe5</value>
         <object_component_ref idref="oc-198"/>
      </symbol>
      <symbol id="sm-40e">
         <name>ADC14_enableSampleTimer</name>
         <value>0x1b99</value>
         <object_component_ref idref="oc-205"/>
      </symbol>
      <symbol id="sm-40f">
         <name>ADC14_enableConversion</name>
         <value>0x1d45</value>
         <object_component_ref idref="oc-219"/>
      </symbol>
      <symbol id="sm-410">
         <name>ADC14_toggleConversionTrigger</name>
         <value>0x1c95</value>
         <object_component_ref idref="oc-21f"/>
      </symbol>
      <symbol id="sm-411">
         <name>ADC14_initModule</name>
         <value>0x1795</value>
         <object_component_ref idref="oc-1f9"/>
      </symbol>
      <symbol id="sm-412">
         <name>ADC14_configureMultiSequenceMode</name>
         <value>0xdd9</value>
         <object_component_ref idref="oc-1ff"/>
      </symbol>
      <symbol id="sm-413">
         <name>ADC14_configureConversionMemory</name>
         <value>0xd25</value>
         <object_component_ref idref="oc-20c"/>
      </symbol>
      <symbol id="sm-414">
         <name>ADC14_enableModule</name>
         <value>0x1f8d</value>
         <object_component_ref idref="oc-1f3"/>
      </symbol>
      <symbol id="sm-415">
         <name>ADC14_getResult</name>
         <value>0x1d6d</value>
         <object_component_ref idref="oc-19f"/>
      </symbol>
      <symbol id="sm-45d">
         <name>GPIO_setOutputHighOnPin</name>
         <value>0x1dbd</value>
         <object_component_ref idref="oc-30c"/>
      </symbol>
      <symbol id="sm-45e">
         <name>GPIO_setAsOutputPin</name>
         <value>0x19f5</value>
         <object_component_ref idref="oc-385"/>
      </symbol>
      <symbol id="sm-45f">
         <name>GPIO_setOutputLowOnPin</name>
         <value>0x1de5</value>
         <object_component_ref idref="oc-306"/>
      </symbol>
      <symbol id="sm-460">
         <name>GPIO_setAsPeripheralModuleFunctionOutputPin</name>
         <value>0x1389</value>
         <object_component_ref idref="oc-37f"/>
      </symbol>
      <symbol id="sm-461">
         <name>GPIO_setAsPeripheralModuleFunctionInputPin</name>
         <value>0x1301</value>
         <object_component_ref idref="oc-212"/>
      </symbol>
      <symbol id="sm-4a1">
         <name>EUSCI_B_SPI_enable</name>
         <value>0x1f0d</value>
         <object_component_ref idref="oc-3be"/>
      </symbol>
      <symbol id="sm-4a2">
         <name>SPI_enableModule</name>
         <value>0x1e55</value>
         <object_component_ref idref="oc-392"/>
      </symbol>
      <symbol id="sm-4a3">
         <name>EUSCI_A_SPI_enable</name>
         <value>0x1ef7</value>
         <object_component_ref idref="oc-3b8"/>
      </symbol>
      <symbol id="sm-4a4">
         <name>SPI_initMaster</name>
         <value>0xf3d</value>
         <object_component_ref idref="oc-38c"/>
      </symbol>
      <symbol id="sm-4b5">
         <name>Timer32_initModule</name>
         <value>0x1605</value>
         <object_component_ref idref="oc-144"/>
      </symbol>
      <symbol id="sm-4c1">
         <name>WDT_A_holdTimer</name>
         <value>0x1e0d</value>
         <object_component_ref idref="oc-13e"/>
      </symbol>
      <symbol id="sm-4dc">
         <name>__TI_zero_init_nomemset</name>
         <value>0x1e71</value>
         <object_component_ref idref="oc-43"/>
      </symbol>
      <symbol id="sm-4f3">
         <name>__TI_decompress_none</name>
         <value>0x1f7f</value>
         <object_component_ref idref="oc-1d"/>
      </symbol>
      <symbol id="sm-516">
         <name>__TI_decompress_lzss</name>
         <value>0x166d</value>
         <object_component_ref idref="oc-17"/>
      </symbol>
      <symbol id="sm-529">
         <name>__stack</name>
         <value>0x2000fe00</value>
         <object_component_ref idref="oc-29"/>
      </symbol>
      <symbol id="sm-52a">
         <name>_c_int00_noargs</name>
         <value>0x1bcd</value>
         <object_component_ref idref="oc-55"/>
      </symbol>
      <symbol id="sm-546">
         <name>memcpy</name>
         <value>0x1263</value>
         <object_component_ref idref="oc-37"/>
      </symbol>
      <symbol id="sm-547">
         <name>__aeabi_memcpy</name>
         <value>0x1263</value>
         <object_component_ref idref="oc-37"/>
      </symbol>
      <symbol id="sm-548">
         <name>__aeabi_memcpy8</name>
         <value>0x1263</value>
         <object_component_ref idref="oc-37"/>
      </symbol>
      <symbol id="sm-549">
         <name>__aeabi_memcpy4</name>
         <value>0x1263</value>
         <object_component_ref idref="oc-37"/>
      </symbol>
      <symbol id="sm-571">
         <name>__TI_auto_init_nobinit_nopinit</name>
         <value>0x1971</value>
         <object_component_ref idref="oc-105"/>
      </symbol>
      <symbol id="sm-57b">
         <name>_system_pre_init</name>
         <value>0x1fbb</value>
         <object_component_ref idref="oc-93"/>
      </symbol>
      <symbol id="sm-587">
         <name>C$$EXIT</name>
         <value>0x1fbf</value>
         <object_component_ref idref="oc-f9"/>
      </symbol>
      <symbol id="sm-588">
         <name>abort</name>
         <value>0x1fbf</value>
         <object_component_ref idref="oc-f9"/>
      </symbol>
      <symbol id="sm-58b">
         <name>__TI_static_base__</name>
         <value>0x0</value>
      </symbol>
      <symbol id="sm-58e">
         <name>__mpu_init</name>
         <value>0x0</value>
      </symbol>
      <symbol id="sm-58f">
         <name>_system_post_cinit</name>
         <value>0x0</value>
      </symbol>
      <symbol id="sm-590">
         <name>NMI_Handler</name>
         <value>0x12ff</value>
      </symbol>
      <symbol id="sm-591">
         <name>HardFault_Handler</name>
         <value>0x12ff</value>
      </symbol>
      <symbol id="sm-592">
         <name>MemManage_Handler</name>
         <value>0x12ff</value>
      </symbol>
      <symbol id="sm-593">
         <name>BusFault_Handler</name>
         <value>0x12ff</value>
      </symbol>
      <symbol id="sm-594">
         <name>UsageFault_Handler</name>
         <value>0x12ff</value>
      </symbol>
      <symbol id="sm-595">
         <name>SVC_Handler</name>
         <value>0x12ff</value>
      </symbol>
      <symbol id="sm-596">
         <name>DebugMon_Handler</name>
         <value>0x12ff</value>
      </symbol>
      <symbol id="sm-597">
         <name>PendSV_Handler</name>
         <value>0x12ff</value>
      </symbol>
      <symbol id="sm-598">
         <name>SysTick_Handler</name>
         <value>0x12ff</value>
      </symbol>
      <symbol id="sm-599">
         <name>PSS_IRQHandler</name>
         <value>0x12ff</value>
      </symbol>
      <symbol id="sm-59a">
         <name>CS_IRQHandler</name>
         <value>0x12ff</value>
      </symbol>
      <symbol id="sm-59b">
         <name>PCM_IRQHandler</name>
         <value>0x12ff</value>
      </symbol>
      <symbol id="sm-59c">
         <name>WDT_A_IRQHandler</name>
         <value>0x12ff</value>
      </symbol>
      <symbol id="sm-59d">
         <name>FPU_IRQHandler</name>
         <value>0x12ff</value>
      </symbol>
      <symbol id="sm-59e">
         <name>FLCTL_IRQHandler</name>
         <value>0x12ff</value>
      </symbol>
      <symbol id="sm-59f">
         <name>COMP_E0_IRQHandler</name>
         <value>0x12ff</value>
      </symbol>
      <symbol id="sm-5a0">
         <name>COMP_E1_IRQHandler</name>
         <value>0x12ff</value>
      </symbol>
      <symbol id="sm-5a1">
         <name>TA0_0_IRQHandler</name>
         <value>0x12ff</value>
      </symbol>
      <symbol id="sm-5a2">
         <name>TA0_N_IRQHandler</name>
         <value>0x12ff</value>
      </symbol>
      <symbol id="sm-5a3">
         <name>TA1_0_IRQHandler</name>
         <value>0x12ff</value>
      </symbol>
      <symbol id="sm-5a4">
         <name>TA1_N_IRQHandler</name>
         <value>0x12ff</value>
      </symbol>
      <symbol id="sm-5a5">
         <name>TA2_0_IRQHandler</name>
         <value>0x12ff</value>
      </symbol>
      <symbol id="sm-5a6">
         <name>TA2_N_IRQHandler</name>
         <value>0x12ff</value>
      </symbol>
      <symbol id="sm-5a7">
         <name>TA3_0_IRQHandler</name>
         <value>0x12ff</value>
      </symbol>
      <symbol id="sm-5a8">
         <name>TA3_N_IRQHandler</name>
         <value>0x12ff</value>
      </symbol>
      <symbol id="sm-5a9">
         <name>EUSCIA0_IRQHandler</name>
         <value>0x12ff</value>
      </symbol>
      <symbol id="sm-5aa">
         <name>EUSCIA1_IRQHandler</name>
         <value>0x12ff</value>
      </symbol>
      <symbol id="sm-5ab">
         <name>EUSCIA2_IRQHandler</name>
         <value>0x12ff</value>
      </symbol>
      <symbol id="sm-5ac">
         <name>EUSCIA3_IRQHandler</name>
         <value>0x12ff</value>
      </symbol>
      <symbol id="sm-5ad">
         <name>EUSCIB0_IRQHandler</name>
         <value>0x12ff</value>
      </symbol>
      <symbol id="sm-5ae">
         <name>EUSCIB1_IRQHandler</name>
         <value>0x12ff</value>
      </symbol>
      <symbol id="sm-5af">
         <name>EUSCIB2_IRQHandler</name>
         <value>0x12ff</value>
      </symbol>
      <symbol id="sm-5b0">
         <name>EUSCIB3_IRQHandler</name>
         <value>0x12ff</value>
      </symbol>
      <symbol id="sm-5b1">
         <name>ADC14_IRQHandler</name>
         <value>0x12ff</value>
      </symbol>
      <symbol id="sm-5b2">
         <name>T32_INT1_IRQHandler</name>
         <value>0x12ff</value>
      </symbol>
      <symbol id="sm-5b3">
         <name>T32_INT2_IRQHandler</name>
         <value>0x12ff</value>
      </symbol>
      <symbol id="sm-5b4">
         <name>T32_INTC_IRQHandler</name>
         <value>0x12ff</value>
      </symbol>
      <symbol id="sm-5b5">
         <name>AES256_IRQHandler</name>
         <value>0x12ff</value>
      </symbol>
      <symbol id="sm-5b6">
         <name>RTC_C_IRQHandler</name>
         <value>0x12ff</value>
      </symbol>
      <symbol id="sm-5b7">
         <name>DMA_ERR_IRQHandler</name>
         <value>0x12ff</value>
      </symbol>
      <symbol id="sm-5b8">
         <name>DMA_INT3_IRQHandler</name>
         <value>0x12ff</value>
      </symbol>
      <symbol id="sm-5b9">
         <name>DMA_INT2_IRQHandler</name>
         <value>0x12ff</value>
      </symbol>
      <symbol id="sm-5ba">
         <name>DMA_INT1_IRQHandler</name>
         <value>0x12ff</value>
      </symbol>
      <symbol id="sm-5bb">
         <name>DMA_INT0_IRQHandler</name>
         <value>0x12ff</value>
      </symbol>
      <symbol id="sm-5bc">
         <name>PORT1_IRQHandler</name>
         <value>0x12ff</value>
      </symbol>
      <symbol id="sm-5bd">
         <name>PORT2_IRQHandler</name>
         <value>0x12ff</value>
      </symbol>
      <symbol id="sm-5be">
         <name>PORT3_IRQHandler</name>
         <value>0x12ff</value>
      </symbol>
      <symbol id="sm-5bf">
         <name>PORT4_IRQHandler</name>
         <value>0x12ff</value>
      </symbol>
      <symbol id="sm-5c0">
         <name>PORT5_IRQHandler</name>
         <value>0x12ff</value>
      </symbol>
      <symbol id="sm-5c1">
         <name>PORT6_IRQHandler</name>
         <value>0x12ff</value>
      </symbol>
   </symbol_table>
   <title>Link successful</title>
</link_info>
